// Vitest Snapshot v1, https://vitest.dev/guide/snapshot.html

exports[`createPollPdfPageHeader > should generate a pdf header and table 1`] = `
[
  {
    "stack": [
      {
        "alignment": "center",
        "bold": true,
        "fontSize": 20,
        "margin": [
          0,
          30,
          0,
          10,
        ],
        "text": "PDF Test",
      },
      {
        "columnGap": 30,
        "columns": [
          {
            "alignment": "right",
            "text": "Joined persons: 3",
            "width": "*",
          },
          {
            "text": "Invited persons: 2",
            "width": "*",
          },
        ],
      },
    ],
  },
]
`;
